// Jest Snapshot v1, https://goo.gl/fbAQLP

exports[`Snapshot 1`] = `
Object {
  "Parameters": Object {
    "AssetParameters8f3bc81e9754aa133ee6a383cdf0ab792045207af8bcd4478b75a17504e40f2bArtifactHash9243C1B2": Object {
      "Description": "Artifact hash for asset \\"8f3bc81e9754aa133ee6a383cdf0ab792045207af8bcd4478b75a17504e40f2b\\"",
      "Type": "String",
    },
    "AssetParameters8f3bc81e9754aa133ee6a383cdf0ab792045207af8bcd4478b75a17504e40f2bS3BucketFC2A5CA3": Object {
      "Description": "S3 bucket for asset \\"8f3bc81e9754aa133ee6a383cdf0ab792045207af8bcd4478b75a17504e40f2b\\"",
      "Type": "String",
    },
    "AssetParameters8f3bc81e9754aa133ee6a383cdf0ab792045207af8bcd4478b75a17504e40f2bS3VersionKeyFFB3FFD0": Object {
      "Description": "S3 key for asset version \\"8f3bc81e9754aa133ee6a383cdf0ab792045207af8bcd4478b75a17504e40f2b\\"",
      "Type": "String",
    },
    "AssetParametersd9c93ee501f05dbcf2020bde7e6f9cb6e91ef59e608acedc291e6befb547d32aArtifactHash358A7D0A": Object {
      "Description": "Artifact hash for asset \\"d9c93ee501f05dbcf2020bde7e6f9cb6e91ef59e608acedc291e6befb547d32a\\"",
      "Type": "String",
    },
    "AssetParametersd9c93ee501f05dbcf2020bde7e6f9cb6e91ef59e608acedc291e6befb547d32aS3Bucket4D667E3A": Object {
      "Description": "S3 bucket for asset \\"d9c93ee501f05dbcf2020bde7e6f9cb6e91ef59e608acedc291e6befb547d32a\\"",
      "Type": "String",
    },
    "AssetParametersd9c93ee501f05dbcf2020bde7e6f9cb6e91ef59e608acedc291e6befb547d32aS3VersionKey0D3DF610": Object {
      "Description": "S3 key for asset version \\"d9c93ee501f05dbcf2020bde7e6f9cb6e91ef59e608acedc291e6befb547d32a\\"",
      "Type": "String",
    },
  },
  "Resources": Object {
    "Portfolios3C21F58D3": Object {
      "Properties": Object {
        "AcceptLanguage": "en",
        "Description": "Service Catalog: s3 Reference Architecture",
        "DisplayName": "awstf-portfolios3",
        "ProviderName": "Cloud Infra TF",
      },
      "Type": "AWS::ServiceCatalog::Portfolio",
    },
    "Portfolios3PortfolioProductAssociation3dc39e35cc1c09F8CE7B": Object {
      "Properties": Object {
        "PortfolioId": Object {
          "Ref": "Portfolios3C21F58D3",
        },
        "ProductId": Object {
          "Ref": "s3bucketandpolicyforcaassev1jsonFE91BE5E",
        },
      },
      "Type": "AWS::ServiceCatalog::PortfolioProductAssociation",
    },
    "Portfolios3PortfolioProductAssociationbf3823887851C980513F": Object {
      "Properties": Object {
        "PortfolioId": Object {
          "Ref": "Portfolios3C21F58D3",
        },
        "ProductId": Object {
          "Ref": "scs3transitionrajsonCC00FE9C",
        },
      },
      "Type": "AWS::ServiceCatalog::PortfolioProductAssociation",
    },
    "Portfolios3StackSetConstraint3dc39e35cc1cA1741081": Object {
      "DependsOn": Array [
        "Portfolios3PortfolioProductAssociation3dc39e35cc1c09F8CE7B",
      ],
      "Properties": Object {
        "AccountList": Array [
          "856556794427",
        ],
        "AdminRole": Object {
          "Fn::Join": Array [
            "",
            Array [
              "arn:aws:iam::",
              Object {
                "Ref": "AWS::AccountId",
              },
              ":role/AWSCloudFormationStackSetAdministrationRole",
            ],
          ],
        },
        "Description": "",
        "ExecutionRole": "AWSCloudFormationStackSetExecutionRole",
        "PortfolioId": Object {
          "Ref": "Portfolios3C21F58D3",
        },
        "ProductId": Object {
          "Ref": "s3bucketandpolicyforcaassev1jsonFE91BE5E",
        },
        "RegionList": Array [
          "ap-northeast-2",
        ],
        "StackInstanceControl": "ALLOWED",
      },
      "Type": "AWS::ServiceCatalog::StackSetConstraint",
    },
    "Portfolios3StackSetConstraintbf382388785106261587": Object {
      "DependsOn": Array [
        "Portfolios3PortfolioProductAssociationbf3823887851C980513F",
      ],
      "Properties": Object {
        "AccountList": Array [
          "856556794427",
        ],
        "AdminRole": Object {
          "Fn::Join": Array [
            "",
            Array [
              "arn:aws:iam::",
              Object {
                "Ref": "AWS::AccountId",
              },
              ":role/AWSCloudFormationStackSetAdministrationRole",
            ],
          ],
        },
        "Description": "",
        "ExecutionRole": "AWSCloudFormationStackSetExecutionRole",
        "PortfolioId": Object {
          "Ref": "Portfolios3C21F58D3",
        },
        "ProductId": Object {
          "Ref": "scs3transitionrajsonCC00FE9C",
        },
        "RegionList": Array [
          "ap-northeast-2",
        ],
        "StackInstanceControl": "ALLOWED",
      },
      "Type": "AWS::ServiceCatalog::StackSetConstraint",
    },
    "Portfolios3TagOptionAssociation3eaa5b048498C1AC6AC1": Object {
      "Properties": Object {
        "ResourceId": Object {
          "Ref": "Portfolios3C21F58D3",
        },
        "TagOptionId": Object {
          "Ref": "TagOption261b16dc50fc",
        },
      },
      "Type": "AWS::ServiceCatalog::TagOptionAssociation",
    },
    "Portfolios3TagOptionAssociation4429e9703575EC1BB3FF": Object {
      "Properties": Object {
        "ResourceId": Object {
          "Ref": "Portfolios3C21F58D3",
        },
        "TagOptionId": Object {
          "Ref": "TagOption398cbd481f15",
        },
      },
      "Type": "AWS::ServiceCatalog::TagOptionAssociation",
    },
    "Portfolios3TagOptionAssociation44f38caaadbe78A0D531": Object {
      "Properties": Object {
        "ResourceId": Object {
          "Ref": "Portfolios3C21F58D3",
        },
        "TagOptionId": Object {
          "Ref": "TagOption34c4a21adf82",
        },
      },
      "Type": "AWS::ServiceCatalog::TagOptionAssociation",
    },
    "Portfolios3TagOptionAssociation4832aa8413e5746E0232": Object {
      "Properties": Object {
        "ResourceId": Object {
          "Ref": "Portfolios3C21F58D3",
        },
        "TagOptionId": Object {
          "Ref": "TagOptionae6b9a23a62c",
        },
      },
      "Type": "AWS::ServiceCatalog::TagOptionAssociation",
    },
    "Portfolios3TagOptionAssociation4fc88847a5808502ED43": Object {
      "Properties": Object {
        "ResourceId": Object {
          "Ref": "Portfolios3C21F58D3",
        },
        "TagOptionId": Object {
          "Ref": "TagOption672cfa6a2bb5",
        },
      },
      "Type": "AWS::ServiceCatalog::TagOptionAssociation",
    },
    "Portfolios3TagOptionAssociation683878eded9dCB7FE618": Object {
      "Properties": Object {
        "ResourceId": Object {
          "Ref": "Portfolios3C21F58D3",
        },
        "TagOptionId": Object {
          "Ref": "TagOption6e05492e798e",
        },
      },
      "Type": "AWS::ServiceCatalog::TagOptionAssociation",
    },
    "Portfolios3TagOptionAssociation826063e4626f8AF15CFD": Object {
      "Properties": Object {
        "ResourceId": Object {
          "Ref": "Portfolios3C21F58D3",
        },
        "TagOptionId": Object {
          "Ref": "TagOption807e7510d8cf",
        },
      },
      "Type": "AWS::ServiceCatalog::TagOptionAssociation",
    },
    "Portfolios3TagOptionAssociation9af08a1fa27a5B78836D": Object {
      "Properties": Object {
        "ResourceId": Object {
          "Ref": "Portfolios3C21F58D3",
        },
        "TagOptionId": Object {
          "Ref": "TagOption6d2f53e2cb24",
        },
      },
      "Type": "AWS::ServiceCatalog::TagOptionAssociation",
    },
    "Portfolios3TagOptionAssociationc6d43c506f7a0D7707E6": Object {
      "Properties": Object {
        "ResourceId": Object {
          "Ref": "Portfolios3C21F58D3",
        },
        "TagOptionId": Object {
          "Ref": "TagOption6e6fa7173c5e",
        },
      },
      "Type": "AWS::ServiceCatalog::TagOptionAssociation",
    },
    "Portfolios3TagOptionAssociationfb0f35002140D42E3038": Object {
      "Properties": Object {
        "ResourceId": Object {
          "Ref": "Portfolios3C21F58D3",
        },
        "TagOptionId": Object {
          "Ref": "TagOption71ade984e808",
        },
      },
      "Type": "AWS::ServiceCatalog::TagOptionAssociation",
    },
    "TagOption261b16dc50fc": Object {
      "Properties": Object {
        "Active": true,
        "Key": "czStage",
        "Value": "production",
      },
      "Type": "AWS::ServiceCatalog::TagOption",
    },
    "TagOption34c4a21adf82": Object {
      "Properties": Object {
        "Active": true,
        "Key": "czStage",
        "Value": "qa",
      },
      "Type": "AWS::ServiceCatalog::TagOption",
    },
    "TagOption398cbd481f15": Object {
      "Properties": Object {
        "Active": true,
        "Key": "czOwner",
        "Value": "skbio",
      },
      "Type": "AWS::ServiceCatalog::TagOption",
    },
    "TagOption672cfa6a2bb5": Object {
      "Properties": Object {
        "Active": true,
        "Key": "czOwner",
        "Value": "skb",
      },
      "Type": "AWS::ServiceCatalog::TagOption",
    },
    "TagOption6d2f53e2cb24": Object {
      "Properties": Object {
        "Active": true,
        "Key": "czOwner",
        "Value": "skmagic",
      },
      "Type": "AWS::ServiceCatalog::TagOption",
    },
    "TagOption6e05492e798e": Object {
      "Properties": Object {
        "Active": true,
        "Key": "czStage",
        "Value": "staging",
      },
      "Type": "AWS::ServiceCatalog::TagOption",
    },
    "TagOption6e6fa7173c5e": Object {
      "Properties": Object {
        "Active": true,
        "Key": "czOwner",
        "Value": "sknetworks",
      },
      "Type": "AWS::ServiceCatalog::TagOption",
    },
    "TagOption71ade984e808": Object {
      "Properties": Object {
        "Active": true,
        "Key": "czStage",
        "Value": "dev",
      },
      "Type": "AWS::ServiceCatalog::TagOption",
    },
    "TagOption807e7510d8cf": Object {
      "Properties": Object {
        "Active": true,
        "Key": "czOwner",
        "Value": "skcamical",
      },
      "Type": "AWS::ServiceCatalog::TagOption",
    },
    "TagOptionae6b9a23a62c": Object {
      "Properties": Object {
        "Active": true,
        "Key": "czOwner",
        "Value": "skens",
      },
      "Type": "AWS::ServiceCatalog::TagOption",
    },
    "s3bucketandpolicyforcaassev1jsonFE91BE5E": Object {
      "Properties": Object {
        "Name": "s3-bucket-and-policy-for-caa-sse-v1.json",
        "Owner": "SK CnC AWS TF Team",
        "ProvisioningArtifactParameters": Array [
          Object {
            "DisableTemplateValidation": false,
            "Info": Object {
              "LoadTemplateFromURL": Object {
                "Fn::Join": Array [
                  "",
                  Array [
                    "https://s3.",
                    Object {
                      "Ref": "AWS::Region",
                    },
                    ".",
                    Object {
                      "Ref": "AWS::URLSuffix",
                    },
                    "/",
                    Object {
                      "Ref": "AssetParameters8f3bc81e9754aa133ee6a383cdf0ab792045207af8bcd4478b75a17504e40f2bS3BucketFC2A5CA3",
                    },
                    "/",
                    Object {
                      "Fn::Select": Array [
                        0,
                        Object {
                          "Fn::Split": Array [
                            "||",
                            Object {
                              "Ref": "AssetParameters8f3bc81e9754aa133ee6a383cdf0ab792045207af8bcd4478b75a17504e40f2bS3VersionKeyFFB3FFD0",
                            },
                          ],
                        },
                      ],
                    },
                    Object {
                      "Fn::Select": Array [
                        1,
                        Object {
                          "Fn::Split": Array [
                            "||",
                            Object {
                              "Ref": "AssetParameters8f3bc81e9754aa133ee6a383cdf0ab792045207af8bcd4478b75a17504e40f2bS3VersionKeyFFB3FFD0",
                            },
                          ],
                        },
                      ],
                    },
                  ],
                ],
              },
            },
            "Name": "v1",
          },
        ],
      },
      "Type": "AWS::ServiceCatalog::CloudFormationProduct",
    },
    "scs3transitionrajsonCC00FE9C": Object {
      "Properties": Object {
        "Name": "sc-s3-transition-ra.json",
        "Owner": "SK CnC AWS TF Team",
        "ProvisioningArtifactParameters": Array [
          Object {
            "DisableTemplateValidation": false,
            "Info": Object {
              "LoadTemplateFromURL": Object {
                "Fn::Join": Array [
                  "",
                  Array [
                    "https://s3.",
                    Object {
                      "Ref": "AWS::Region",
                    },
                    ".",
                    Object {
                      "Ref": "AWS::URLSuffix",
                    },
                    "/",
                    Object {
                      "Ref": "AssetParametersd9c93ee501f05dbcf2020bde7e6f9cb6e91ef59e608acedc291e6befb547d32aS3Bucket4D667E3A",
                    },
                    "/",
                    Object {
                      "Fn::Select": Array [
                        0,
                        Object {
                          "Fn::Split": Array [
                            "||",
                            Object {
                              "Ref": "AssetParametersd9c93ee501f05dbcf2020bde7e6f9cb6e91ef59e608acedc291e6befb547d32aS3VersionKey0D3DF610",
                            },
                          ],
                        },
                      ],
                    },
                    Object {
                      "Fn::Select": Array [
                        1,
                        Object {
                          "Fn::Split": Array [
                            "||",
                            Object {
                              "Ref": "AssetParametersd9c93ee501f05dbcf2020bde7e6f9cb6e91ef59e608acedc291e6befb547d32aS3VersionKey0D3DF610",
                            },
                          ],
                        },
                      ],
                    },
                  ],
                ],
              },
            },
            "Name": "v1",
          },
        ],
      },
      "Type": "AWS::ServiceCatalog::CloudFormationProduct",
    },
  },
}
`;
